   1               		.file	"main.c"
   2               	__SP_H__ = 0x3e
   3               	__SP_L__ = 0x3d
   4               	__SREG__ = 0x3f
   5               	__tmp_reg__ = 0
   6               	__zero_reg__ = 1
   8               		.text
   9               	.Ltext0:
 111               	.global	initIO
 113               	initIO:
   1:/Users/emil/Documents/Programme/Projects/AmbiLight/AmbiLight/AmbiLight/main.c **** #include <stdio.h>
   2:/Users/emil/Documents/Programme/Projects/AmbiLight/AmbiLight/AmbiLight/main.c **** #include <avr/io.h>
   3:/Users/emil/Documents/Programme/Projects/AmbiLight/AmbiLight/AmbiLight/main.c **** #include <avr/interrupt.h>
   4:/Users/emil/Documents/Programme/Projects/AmbiLight/AmbiLight/AmbiLight/main.c **** #include <util/delay.h>
   5:/Users/emil/Documents/Programme/Projects/AmbiLight/AmbiLight/AmbiLight/main.c **** 
   6:/Users/emil/Documents/Programme/Projects/AmbiLight/AmbiLight/AmbiLight/main.c **** uint32_t time = 0;
   7:/Users/emil/Documents/Programme/Projects/AmbiLight/AmbiLight/AmbiLight/main.c **** uint32_t time_off = 0;
   8:/Users/emil/Documents/Programme/Projects/AmbiLight/AmbiLight/AmbiLight/main.c **** 
   9:/Users/emil/Documents/Programme/Projects/AmbiLight/AmbiLight/AmbiLight/main.c **** enum States {
  10:/Users/emil/Documents/Programme/Projects/AmbiLight/AmbiLight/AmbiLight/main.c ****     OFF,
  11:/Users/emil/Documents/Programme/Projects/AmbiLight/AmbiLight/AmbiLight/main.c ****     ON,
  12:/Users/emil/Documents/Programme/Projects/AmbiLight/AmbiLight/AmbiLight/main.c ****     T1,
  13:/Users/emil/Documents/Programme/Projects/AmbiLight/AmbiLight/AmbiLight/main.c ****     T2,
  14:/Users/emil/Documents/Programme/Projects/AmbiLight/AmbiLight/AmbiLight/main.c ****     T3,
  15:/Users/emil/Documents/Programme/Projects/AmbiLight/AmbiLight/AmbiLight/main.c ****     T4
  16:/Users/emil/Documents/Programme/Projects/AmbiLight/AmbiLight/AmbiLight/main.c **** };
  17:/Users/emil/Documents/Programme/Projects/AmbiLight/AmbiLight/AmbiLight/main.c **** 
  18:/Users/emil/Documents/Programme/Projects/AmbiLight/AmbiLight/AmbiLight/main.c **** enum States state;
  19:/Users/emil/Documents/Programme/Projects/AmbiLight/AmbiLight/AmbiLight/main.c **** 
  20:/Users/emil/Documents/Programme/Projects/AmbiLight/AmbiLight/AmbiLight/main.c **** uint8_t switchPressed = 0;
  21:/Users/emil/Documents/Programme/Projects/AmbiLight/AmbiLight/AmbiLight/main.c **** 
  22:/Users/emil/Documents/Programme/Projects/AmbiLight/AmbiLight/AmbiLight/main.c **** void initIO(void) {
 115               	.LM0:
 116               	.LFBB1:
 117               	/* prologue: function */
 118               	/* frame size = 0 */
 119               	/* stack size = 0 */
 120               	.L__stack_usage = 0
  23:/Users/emil/Documents/Programme/Projects/AmbiLight/AmbiLight/AmbiLight/main.c ****     DDRB |= (1<<PB0 | 1<<PB1 | 1<<PB2 | 1<<PB3 | 1<<PB4);
 122               	.LM1:
 123 0000 84B1      		in r24,0x4
 124 0002 8F61      		ori r24,lo8(31)
 125 0004 84B9      		out 0x4,r24
  24:/Users/emil/Documents/Programme/Projects/AmbiLight/AmbiLight/AmbiLight/main.c ****     DDRD |= (1<<PD3);
 127               	.LM2:
 128 0006 539A      		sbi 0xa,3
  25:/Users/emil/Documents/Programme/Projects/AmbiLight/AmbiLight/AmbiLight/main.c ****     PORTD |= (1<<PD2);
 130               	.LM3:
 131 0008 5A9A      		sbi 0xb,2
  26:/Users/emil/Documents/Programme/Projects/AmbiLight/AmbiLight/AmbiLight/main.c ****     
  27:/Users/emil/Documents/Programme/Projects/AmbiLight/AmbiLight/AmbiLight/main.c ****     OCR2B = 0;
 133               	.LM4:
 134 000a 1092 B400 		sts 180,__zero_reg__
  28:/Users/emil/Documents/Programme/Projects/AmbiLight/AmbiLight/AmbiLight/main.c ****     TCCR2A |= (1 << COM0A1);
 136               	.LM5:
 137 000e E0EB      		ldi r30,lo8(-80)
 138 0010 F0E0      		ldi r31,0
 139 0012 8081      		ld r24,Z
 140 0014 8068      		ori r24,lo8(-128)
 141 0016 8083      		st Z,r24
  29:/Users/emil/Documents/Programme/Projects/AmbiLight/AmbiLight/AmbiLight/main.c ****     TCCR2A |= (1 << WGM01) | (1 << WGM00);
 143               	.LM6:
 144 0018 8081      		ld r24,Z
 145 001a 8360      		ori r24,lo8(3)
 146 001c 8083      		st Z,r24
  30:/Users/emil/Documents/Programme/Projects/AmbiLight/AmbiLight/AmbiLight/main.c ****     TCCR2B |= (1 << CS01);
 148               	.LM7:
 149 001e E1EB      		ldi r30,lo8(-79)
 150 0020 F0E0      		ldi r31,0
 151 0022 8081      		ld r24,Z
 152 0024 8260      		ori r24,lo8(2)
 153 0026 8083      		st Z,r24
  31:/Users/emil/Documents/Programme/Projects/AmbiLight/AmbiLight/AmbiLight/main.c ****     
  32:/Users/emil/Documents/Programme/Projects/AmbiLight/AmbiLight/AmbiLight/main.c ****     TCCR0A = (1<<CS01); //Prescaler 8
 155               	.LM8:
 156 0028 82E0      		ldi r24,lo8(2)
 157 002a 84BD      		out 0x24,r24
  33:/Users/emil/Documents/Programme/Projects/AmbiLight/AmbiLight/AmbiLight/main.c ****     TIMSK0 |= (1<<TOIE0);
 159               	.LM9:
 160 002c EEE6      		ldi r30,lo8(110)
 161 002e F0E0      		ldi r31,0
 162 0030 8081      		ld r24,Z
 163 0032 8160      		ori r24,lo8(1)
 164 0034 8083      		st Z,r24
  34:/Users/emil/Documents/Programme/Projects/AmbiLight/AmbiLight/AmbiLight/main.c ****     
  35:/Users/emil/Documents/Programme/Projects/AmbiLight/AmbiLight/AmbiLight/main.c ****     EIMSK |= (1<<INT0);
 166               	.LM10:
 167 0036 E89A      		sbi 0x1d,0
  36:/Users/emil/Documents/Programme/Projects/AmbiLight/AmbiLight/AmbiLight/main.c ****     EICRA |= (1<<ISC01);
 169               	.LM11:
 170 0038 E9E6      		ldi r30,lo8(105)
 171 003a F0E0      		ldi r31,0
 172 003c 8081      		ld r24,Z
 173 003e 8260      		ori r24,lo8(2)
 174 0040 8083      		st Z,r24
  37:/Users/emil/Documents/Programme/Projects/AmbiLight/AmbiLight/AmbiLight/main.c ****     
  38:/Users/emil/Documents/Programme/Projects/AmbiLight/AmbiLight/AmbiLight/main.c ****     state = OFF;
 176               	.LM12:
 177 0042 1092 0000 		sts state,__zero_reg__
  39:/Users/emil/Documents/Programme/Projects/AmbiLight/AmbiLight/AmbiLight/main.c ****     
  40:/Users/emil/Documents/Programme/Projects/AmbiLight/AmbiLight/AmbiLight/main.c ****     sei();
 179               	.LM13:
 180               	/* #APP */
 181               	 ;  40 "/Users/emil/Documents/Programme/Projects/AmbiLight/AmbiLight/AmbiLight/main.c" 1
 182 0046 7894      		sei
 183               	 ;  0 "" 2
 184               	/* #NOAPP */
 185 0048 0895      		ret
 187               	.Lscope1:
 188               		.section	.text.startup,"ax",@progbits
 190               	.global	main
 192               	main:
  41:/Users/emil/Documents/Programme/Projects/AmbiLight/AmbiLight/AmbiLight/main.c **** }
  42:/Users/emil/Documents/Programme/Projects/AmbiLight/AmbiLight/AmbiLight/main.c **** 
  43:/Users/emil/Documents/Programme/Projects/AmbiLight/AmbiLight/AmbiLight/main.c **** int main(void) {
 194               	.LM14:
 195               	.LFBB2:
 196               	/* prologue: function */
 197               	/* frame size = 0 */
 198               	/* stack size = 0 */
 199               	.L__stack_usage = 0
  44:/Users/emil/Documents/Programme/Projects/AmbiLight/AmbiLight/AmbiLight/main.c **** 	initIO();
 201               	.LM15:
 202 0000 0E94 0000 		call initIO
  45:/Users/emil/Documents/Programme/Projects/AmbiLight/AmbiLight/AmbiLight/main.c **** 
  46:/Users/emil/Documents/Programme/Projects/AmbiLight/AmbiLight/AmbiLight/main.c **** 	while (1) {
  47:/Users/emil/Documents/Programme/Projects/AmbiLight/AmbiLight/AmbiLight/main.c ****         if ((PIND & (1<<PIND2)) == 0) {
  48:/Users/emil/Documents/Programme/Projects/AmbiLight/AmbiLight/AmbiLight/main.c ****             switchPressed = 0;
  49:/Users/emil/Documents/Programme/Projects/AmbiLight/AmbiLight/AmbiLight/main.c ****         } else {
  50:/Users/emil/Documents/Programme/Projects/AmbiLight/AmbiLight/AmbiLight/main.c ****             switchPressed = 1;
  51:/Users/emil/Documents/Programme/Projects/AmbiLight/AmbiLight/AmbiLight/main.c ****         }
  52:/Users/emil/Documents/Programme/Projects/AmbiLight/AmbiLight/AmbiLight/main.c ****         
  53:/Users/emil/Documents/Programme/Projects/AmbiLight/AmbiLight/AmbiLight/main.c ****         if (time <= 1000 && time >= 50 && switchPressed == 0) { //under 2sec
  54:/Users/emil/Documents/Programme/Projects/AmbiLight/AmbiLight/AmbiLight/main.c ****             if (state == ON)
  55:/Users/emil/Documents/Programme/Projects/AmbiLight/AmbiLight/AmbiLight/main.c ****                 state = T1;
  56:/Users/emil/Documents/Programme/Projects/AmbiLight/AmbiLight/AmbiLight/main.c ****             else if (state == T1)
  57:/Users/emil/Documents/Programme/Projects/AmbiLight/AmbiLight/AmbiLight/main.c ****                 state = T2;
  58:/Users/emil/Documents/Programme/Projects/AmbiLight/AmbiLight/AmbiLight/main.c ****             else if (state == T2)
  59:/Users/emil/Documents/Programme/Projects/AmbiLight/AmbiLight/AmbiLight/main.c ****                 state = T3;
  60:/Users/emil/Documents/Programme/Projects/AmbiLight/AmbiLight/AmbiLight/main.c ****             else if (state == T3)
  61:/Users/emil/Documents/Programme/Projects/AmbiLight/AmbiLight/AmbiLight/main.c ****                 state = T4;
  62:/Users/emil/Documents/Programme/Projects/AmbiLight/AmbiLight/AmbiLight/main.c ****             else if (state == T4)
  63:/Users/emil/Documents/Programme/Projects/AmbiLight/AmbiLight/AmbiLight/main.c ****                 state = OFF;
  64:/Users/emil/Documents/Programme/Projects/AmbiLight/AmbiLight/AmbiLight/main.c ****             else if (state == OFF)
  65:/Users/emil/Documents/Programme/Projects/AmbiLight/AmbiLight/AmbiLight/main.c ****                 state = ON;
  66:/Users/emil/Documents/Programme/Projects/AmbiLight/AmbiLight/AmbiLight/main.c ****         } else if (time >= 1000 && switchPressed == 1) {
  67:/Users/emil/Documents/Programme/Projects/AmbiLight/AmbiLight/AmbiLight/main.c ****             if (state != OFF && (time % 50) == 0)
 204               	.LM16:
 205 0004 82E3      		ldi r24,lo8(50)
 206 0006 C82E      		mov r12,r24
 207 0008 D12C      		mov r13,__zero_reg__
 208 000a E12C      		mov r14,__zero_reg__
 209 000c F12C      		mov r15,__zero_reg__
  68:/Users/emil/Documents/Programme/Projects/AmbiLight/AmbiLight/AmbiLight/main.c ****                 OCR2B--;
  69:/Users/emil/Documents/Programme/Projects/AmbiLight/AmbiLight/AmbiLight/main.c ****         }
  70:/Users/emil/Documents/Programme/Projects/AmbiLight/AmbiLight/AmbiLight/main.c ****         
  71:/Users/emil/Documents/Programme/Projects/AmbiLight/AmbiLight/AmbiLight/main.c ****         switch (state) {
  72:/Users/emil/Documents/Programme/Projects/AmbiLight/AmbiLight/AmbiLight/main.c ****             case OFF:
  73:/Users/emil/Documents/Programme/Projects/AmbiLight/AmbiLight/AmbiLight/main.c ****                 PORTB &= ~(1<<PB0 | 1<<PB1 | 1<<PB2 | 1<<PB3 | 1<<PB4);
  74:/Users/emil/Documents/Programme/Projects/AmbiLight/AmbiLight/AmbiLight/main.c ****                 OCR2B = 0;
  75:/Users/emil/Documents/Programme/Projects/AmbiLight/AmbiLight/AmbiLight/main.c ****                 time_off = 0;
  76:/Users/emil/Documents/Programme/Projects/AmbiLight/AmbiLight/AmbiLight/main.c ****                 break;
  77:/Users/emil/Documents/Programme/Projects/AmbiLight/AmbiLight/AmbiLight/main.c ****             case ON:
  78:/Users/emil/Documents/Programme/Projects/AmbiLight/AmbiLight/AmbiLight/main.c ****                 PORTB |= (1<<PB0);
  79:/Users/emil/Documents/Programme/Projects/AmbiLight/AmbiLight/AmbiLight/main.c ****                 if (OCR2B == 0)
  80:/Users/emil/Documents/Programme/Projects/AmbiLight/AmbiLight/AmbiLight/main.c ****                     OCR2B = 255;
 211               	.LM17:
 212 000e DFEF      		ldi r29,lo8(-1)
  50:/Users/emil/Documents/Programme/Projects/AmbiLight/AmbiLight/AmbiLight/main.c ****             switchPressed = 1;
 214               	.LM18:
 215 0010 C1E0      		ldi r28,lo8(1)
  61:/Users/emil/Documents/Programme/Projects/AmbiLight/AmbiLight/AmbiLight/main.c ****                 state = T4;
 217               	.LM19:
 218 0012 15E0      		ldi r17,lo8(5)
  59:/Users/emil/Documents/Programme/Projects/AmbiLight/AmbiLight/AmbiLight/main.c ****                 state = T3;
 220               	.LM20:
 221 0014 04E0      		ldi r16,lo8(4)
  57:/Users/emil/Documents/Programme/Projects/AmbiLight/AmbiLight/AmbiLight/main.c ****                 state = T2;
 223               	.LM21:
 224 0016 93E0      		ldi r25,lo8(3)
 225 0018 B92E      		mov r11,r25
  55:/Users/emil/Documents/Programme/Projects/AmbiLight/AmbiLight/AmbiLight/main.c ****                 state = T1;
 227               	.LM22:
 228 001a 22E0      		ldi r18,lo8(2)
 229 001c A22E      		mov r10,r18
 230               	.L24:
  47:/Users/emil/Documents/Programme/Projects/AmbiLight/AmbiLight/AmbiLight/main.c ****         if ((PIND & (1<<PIND2)) == 0) {
 232               	.LM23:
 233 001e 4A99      		sbic 0x9,2
 234 0020 00C0      		rjmp .L3
  48:/Users/emil/Documents/Programme/Projects/AmbiLight/AmbiLight/AmbiLight/main.c ****             switchPressed = 0;
 236               	.LM24:
 237 0022 1092 0000 		sts switchPressed,__zero_reg__
 238 0026 00C0      		rjmp .L4
 239               	.L3:
  50:/Users/emil/Documents/Programme/Projects/AmbiLight/AmbiLight/AmbiLight/main.c ****             switchPressed = 1;
 241               	.LM25:
 242 0028 C093 0000 		sts switchPressed,r28
 243               	.L4:
  53:/Users/emil/Documents/Programme/Projects/AmbiLight/AmbiLight/AmbiLight/main.c ****         if (time <= 1000 && time >= 50 && switchPressed == 0) { //under 2sec
 245               	.LM26:
 246 002c 6091 0000 		lds r22,time
 247 0030 7091 0000 		lds r23,time+1
 248 0034 8091 0000 		lds r24,time+2
 249 0038 9091 0000 		lds r25,time+3
 250 003c 2B01      		movw r4,r22
 251 003e 3C01      		movw r6,r24
 252 0040 22E3      		ldi r18,50
 253 0042 421A      		sub r4,r18
 254 0044 5108      		sbc r5,__zero_reg__
 255 0046 6108      		sbc r6,__zero_reg__
 256 0048 7108      		sbc r7,__zero_reg__
 257 004a 2091 0000 		lds r18,state
 258 004e 37EB      		ldi r19,-73
 259 0050 4316      		cp r4,r19
 260 0052 33E0      		ldi r19,3
 261 0054 5306      		cpc r5,r19
 262 0056 6104      		cpc r6,__zero_reg__
 263 0058 7104      		cpc r7,__zero_reg__
 264 005a 00F4      		brsh .L5
  53:/Users/emil/Documents/Programme/Projects/AmbiLight/AmbiLight/AmbiLight/main.c ****         if (time <= 1000 && time >= 50 && switchPressed == 0) { //under 2sec
 266               	.LM27:
 267 005c 3091 0000 		lds r19,switchPressed
 268 0060 3111      		cpse r19,__zero_reg__
 269 0062 00C0      		rjmp .L5
  54:/Users/emil/Documents/Programme/Projects/AmbiLight/AmbiLight/AmbiLight/main.c ****             if (state == ON)
 271               	.LM28:
 272 0064 2130      		cpi r18,lo8(1)
 273 0066 01F4      		brne .L6
  55:/Users/emil/Documents/Programme/Projects/AmbiLight/AmbiLight/AmbiLight/main.c ****                 state = T1;
 275               	.LM29:
 276 0068 A092 0000 		sts state,r10
 277 006c 00C0      		rjmp .L7
 278               	.L6:
  56:/Users/emil/Documents/Programme/Projects/AmbiLight/AmbiLight/AmbiLight/main.c ****             else if (state == T1)
 280               	.LM30:
 281 006e 2230      		cpi r18,lo8(2)
 282 0070 01F4      		brne .L8
  57:/Users/emil/Documents/Programme/Projects/AmbiLight/AmbiLight/AmbiLight/main.c ****                 state = T2;
 284               	.LM31:
 285 0072 B092 0000 		sts state,r11
 286 0076 00C0      		rjmp .L7
 287               	.L8:
  58:/Users/emil/Documents/Programme/Projects/AmbiLight/AmbiLight/AmbiLight/main.c ****             else if (state == T2)
 289               	.LM32:
 290 0078 2330      		cpi r18,lo8(3)
 291 007a 01F4      		brne .L9
  59:/Users/emil/Documents/Programme/Projects/AmbiLight/AmbiLight/AmbiLight/main.c ****                 state = T3;
 293               	.LM33:
 294 007c 0093 0000 		sts state,r16
 295 0080 00C0      		rjmp .L7
 296               	.L9:
  60:/Users/emil/Documents/Programme/Projects/AmbiLight/AmbiLight/AmbiLight/main.c ****             else if (state == T3)
 298               	.LM34:
 299 0082 2430      		cpi r18,lo8(4)
 300 0084 01F4      		brne .L10
  61:/Users/emil/Documents/Programme/Projects/AmbiLight/AmbiLight/AmbiLight/main.c ****                 state = T4;
 302               	.LM35:
 303 0086 1093 0000 		sts state,r17
 304 008a 00C0      		rjmp .L7
 305               	.L10:
  62:/Users/emil/Documents/Programme/Projects/AmbiLight/AmbiLight/AmbiLight/main.c ****             else if (state == T4)
 307               	.LM36:
 308 008c 2530      		cpi r18,lo8(5)
 309 008e 01F4      		brne .L11
  63:/Users/emil/Documents/Programme/Projects/AmbiLight/AmbiLight/AmbiLight/main.c ****                 state = OFF;
 311               	.LM37:
 312 0090 1092 0000 		sts state,__zero_reg__
 313 0094 00C0      		rjmp .L7
 314               	.L11:
  64:/Users/emil/Documents/Programme/Projects/AmbiLight/AmbiLight/AmbiLight/main.c ****             else if (state == OFF)
 316               	.LM38:
 317 0096 2111      		cpse r18,__zero_reg__
 318 0098 00C0      		rjmp .L7
  65:/Users/emil/Documents/Programme/Projects/AmbiLight/AmbiLight/AmbiLight/main.c ****                 state = ON;
 320               	.LM39:
 321 009a C093 0000 		sts state,r28
 322 009e 00C0      		rjmp .L7
 323               	.L5:
  66:/Users/emil/Documents/Programme/Projects/AmbiLight/AmbiLight/AmbiLight/main.c ****         } else if (time >= 1000 && switchPressed == 1) {
 325               	.LM40:
 326 00a0 683E      		cpi r22,-24
 327 00a2 33E0      		ldi r19,3
 328 00a4 7307      		cpc r23,r19
 329 00a6 8105      		cpc r24,__zero_reg__
 330 00a8 9105      		cpc r25,__zero_reg__
 331 00aa 00F0      		brlo .L7
  66:/Users/emil/Documents/Programme/Projects/AmbiLight/AmbiLight/AmbiLight/main.c ****         } else if (time >= 1000 && switchPressed == 1) {
 333               	.LM41:
 334 00ac 3091 0000 		lds r19,switchPressed
 335 00b0 3130      		cpi r19,lo8(1)
 336 00b2 01F4      		brne .L7
  67:/Users/emil/Documents/Programme/Projects/AmbiLight/AmbiLight/AmbiLight/main.c ****             if (state != OFF && (time % 50) == 0)
 338               	.LM42:
 339 00b4 2223      		tst r18
 340 00b6 01F0      		breq .L7
  67:/Users/emil/Documents/Programme/Projects/AmbiLight/AmbiLight/AmbiLight/main.c ****             if (state != OFF && (time % 50) == 0)
 342               	.LM43:
 343 00b8 A701      		movw r20,r14
 344 00ba 9601      		movw r18,r12
 345 00bc 0E94 0000 		call __udivmodsi4
 346 00c0 672B      		or r22,r23
 347 00c2 682B      		or r22,r24
 348 00c4 692B      		or r22,r25
 349 00c6 01F4      		brne .L7
  68:/Users/emil/Documents/Programme/Projects/AmbiLight/AmbiLight/AmbiLight/main.c ****                 OCR2B--;
 351               	.LM44:
 352 00c8 8091 B400 		lds r24,180
 353 00cc 8150      		subi r24,lo8(-(-1))
 354 00ce 8093 B400 		sts 180,r24
 355               	.L7:
  71:/Users/emil/Documents/Programme/Projects/AmbiLight/AmbiLight/AmbiLight/main.c ****         switch (state) {
 357               	.LM45:
 358 00d2 8091 0000 		lds r24,state
 359 00d6 8230      		cpi r24,lo8(2)
 360 00d8 01F0      		breq .L13
 361 00da 00F4      		brsh .L14
 362 00dc 8823      		tst r24
 363 00de 01F0      		breq .L15
 364 00e0 8130      		cpi r24,lo8(1)
 365 00e2 01F0      		breq .L16
 366 00e4 00C0      		rjmp .L12
 367               	.L14:
 368 00e6 8430      		cpi r24,lo8(4)
 369 00e8 01F0      		breq .L17
 370 00ea 00F0      		brlo .L18
 371 00ec 8530      		cpi r24,lo8(5)
 372 00ee 01F4      		brne .+2
 373 00f0 00C0      		rjmp .L19
 374 00f2 00C0      		rjmp .L12
 375               	.L15:
  73:/Users/emil/Documents/Programme/Projects/AmbiLight/AmbiLight/AmbiLight/main.c ****                 PORTB &= ~(1<<PB0 | 1<<PB1 | 1<<PB2 | 1<<PB3 | 1<<PB4);
 377               	.LM46:
 378 00f4 85B1      		in r24,0x5
 379 00f6 807E      		andi r24,lo8(-32)
 380 00f8 85B9      		out 0x5,r24
  74:/Users/emil/Documents/Programme/Projects/AmbiLight/AmbiLight/AmbiLight/main.c ****                 OCR2B = 0;
 382               	.LM47:
 383 00fa 1092 B400 		sts 180,__zero_reg__
 384 00fe 00C0      		rjmp .L20
 385               	.L16:
  78:/Users/emil/Documents/Programme/Projects/AmbiLight/AmbiLight/AmbiLight/main.c ****                 PORTB |= (1<<PB0);
 387               	.LM48:
 388 0100 289A      		sbi 0x5,0
  79:/Users/emil/Documents/Programme/Projects/AmbiLight/AmbiLight/AmbiLight/main.c ****                 if (OCR2B == 0)
 390               	.LM49:
 391 0102 8091 B400 		lds r24,180
 392 0106 8111      		cpse r24,__zero_reg__
 393 0108 00C0      		rjmp .L20
 395               	.LM50:
 396 010a D093 B400 		sts 180,r29
 397               	.L20:
  81:/Users/emil/Documents/Programme/Projects/AmbiLight/AmbiLight/AmbiLight/main.c ****                 time_off = 0;
 399               	.LM51:
 400 010e 1092 0000 		sts time_off,__zero_reg__
 401 0112 1092 0000 		sts time_off+1,__zero_reg__
 402 0116 1092 0000 		sts time_off+2,__zero_reg__
 403 011a 1092 0000 		sts time_off+3,__zero_reg__
  82:/Users/emil/Documents/Programme/Projects/AmbiLight/AmbiLight/AmbiLight/main.c ****                 break;
 405               	.LM52:
 406 011e 00C0      		rjmp .L12
 407               	.L13:
  83:/Users/emil/Documents/Programme/Projects/AmbiLight/AmbiLight/AmbiLight/main.c ****             case T1:
  84:/Users/emil/Documents/Programme/Projects/AmbiLight/AmbiLight/AmbiLight/main.c ****                 PORTB |= (1<<PB1);
 409               	.LM53:
 410 0120 299A      		sbi 0x5,1
  85:/Users/emil/Documents/Programme/Projects/AmbiLight/AmbiLight/AmbiLight/main.c ****                 if (time_off > 1800000) {
 412               	.LM54:
 413 0122 8091 0000 		lds r24,time_off
 414 0126 9091 0000 		lds r25,time_off+1
 415 012a A091 0000 		lds r26,time_off+2
 416 012e B091 0000 		lds r27,time_off+3
 417 0132 8134      		cpi r24,65
 418 0134 9747      		sbci r25,119
 419 0136 AB41      		sbci r26,27
 420 0138 B105      		cpc r27,__zero_reg__
 421 013a 00F0      		brlo .L12
 422 013c 00C0      		rjmp .L29
 423               	.L18:
  86:/Users/emil/Documents/Programme/Projects/AmbiLight/AmbiLight/AmbiLight/main.c ****                     state = OFF;
  87:/Users/emil/Documents/Programme/Projects/AmbiLight/AmbiLight/AmbiLight/main.c ****                 }
  88:/Users/emil/Documents/Programme/Projects/AmbiLight/AmbiLight/AmbiLight/main.c ****                 break;
  89:/Users/emil/Documents/Programme/Projects/AmbiLight/AmbiLight/AmbiLight/main.c ****             case T2:
  90:/Users/emil/Documents/Programme/Projects/AmbiLight/AmbiLight/AmbiLight/main.c ****                 PORTB |= (1<<PB2);
 425               	.LM55:
 426 013e 2A9A      		sbi 0x5,2
  91:/Users/emil/Documents/Programme/Projects/AmbiLight/AmbiLight/AmbiLight/main.c ****                 if (time_off > 3600000) {
 428               	.LM56:
 429 0140 8091 0000 		lds r24,time_off
 430 0144 9091 0000 		lds r25,time_off+1
 431 0148 A091 0000 		lds r26,time_off+2
 432 014c B091 0000 		lds r27,time_off+3
 433 0150 8138      		cpi r24,-127
 434 0152 9E4E      		sbci r25,-18
 435 0154 A643      		sbci r26,54
 436 0156 B105      		cpc r27,__zero_reg__
 437 0158 00F0      		brlo .L12
 438 015a 00C0      		rjmp .L29
 439               	.L17:
  92:/Users/emil/Documents/Programme/Projects/AmbiLight/AmbiLight/AmbiLight/main.c ****                     state = OFF;
  93:/Users/emil/Documents/Programme/Projects/AmbiLight/AmbiLight/AmbiLight/main.c ****                 }
  94:/Users/emil/Documents/Programme/Projects/AmbiLight/AmbiLight/AmbiLight/main.c ****                 break;
  95:/Users/emil/Documents/Programme/Projects/AmbiLight/AmbiLight/AmbiLight/main.c ****             case T3:
  96:/Users/emil/Documents/Programme/Projects/AmbiLight/AmbiLight/AmbiLight/main.c ****                 PORTB |= (1<<PB3);
 441               	.LM57:
 442 015c 2B9A      		sbi 0x5,3
  97:/Users/emil/Documents/Programme/Projects/AmbiLight/AmbiLight/AmbiLight/main.c ****                 if (time_off > 5400000) {
 444               	.LM58:
 445 015e 8091 0000 		lds r24,time_off
 446 0162 9091 0000 		lds r25,time_off+1
 447 0166 A091 0000 		lds r26,time_off+2
 448 016a B091 0000 		lds r27,time_off+3
 449 016e 813C      		cpi r24,-63
 450 0170 9546      		sbci r25,101
 451 0172 A245      		sbci r26,82
 452 0174 B105      		cpc r27,__zero_reg__
 453 0176 00F0      		brlo .L12
 454 0178 00C0      		rjmp .L29
 455               	.L19:
  98:/Users/emil/Documents/Programme/Projects/AmbiLight/AmbiLight/AmbiLight/main.c ****                     state = OFF;
  99:/Users/emil/Documents/Programme/Projects/AmbiLight/AmbiLight/AmbiLight/main.c ****                 }
 100:/Users/emil/Documents/Programme/Projects/AmbiLight/AmbiLight/AmbiLight/main.c ****                 break;
 101:/Users/emil/Documents/Programme/Projects/AmbiLight/AmbiLight/AmbiLight/main.c ****             case T4:
 102:/Users/emil/Documents/Programme/Projects/AmbiLight/AmbiLight/AmbiLight/main.c ****                 PORTB |= (1<<PB4);
 457               	.LM59:
 458 017a 2C9A      		sbi 0x5,4
 103:/Users/emil/Documents/Programme/Projects/AmbiLight/AmbiLight/AmbiLight/main.c ****                 if (time_off > 7200000) {
 460               	.LM60:
 461 017c 8091 0000 		lds r24,time_off
 462 0180 9091 0000 		lds r25,time_off+1
 463 0184 A091 0000 		lds r26,time_off+2
 464 0188 B091 0000 		lds r27,time_off+3
 465 018c 8130      		cpi r24,1
 466 018e 9D4D      		sbci r25,-35
 467 0190 AD46      		sbci r26,109
 468 0192 B105      		cpc r27,__zero_reg__
 469 0194 00F0      		brlo .L12
 470               	.L29:
 104:/Users/emil/Documents/Programme/Projects/AmbiLight/AmbiLight/AmbiLight/main.c ****                     state = OFF;
 472               	.LM61:
 473 0196 1092 0000 		sts state,__zero_reg__
 474               	.L12:
 105:/Users/emil/Documents/Programme/Projects/AmbiLight/AmbiLight/AmbiLight/main.c ****                 }
 106:/Users/emil/Documents/Programme/Projects/AmbiLight/AmbiLight/AmbiLight/main.c ****                 break;
 107:/Users/emil/Documents/Programme/Projects/AmbiLight/AmbiLight/AmbiLight/main.c ****         }
 108:/Users/emil/Documents/Programme/Projects/AmbiLight/AmbiLight/AmbiLight/main.c ****         
 109:/Users/emil/Documents/Programme/Projects/AmbiLight/AmbiLight/AmbiLight/main.c ****         if (switchPressed == 0) {
 476               	.LM62:
 477 019a 8091 0000 		lds r24,switchPressed
 478 019e 8111      		cpse r24,__zero_reg__
 479 01a0 00C0      		rjmp .L24
 110:/Users/emil/Documents/Programme/Projects/AmbiLight/AmbiLight/AmbiLight/main.c ****             time = 0;
 481               	.LM63:
 482 01a2 1092 0000 		sts time,__zero_reg__
 483 01a6 1092 0000 		sts time+1,__zero_reg__
 484 01aa 1092 0000 		sts time+2,__zero_reg__
 485 01ae 1092 0000 		sts time+3,__zero_reg__
 486 01b2 00C0      		rjmp .L24
 488               	.Lscope2:
 489               		.text
 491               	.global	__vector_16
 493               	__vector_16:
 111:/Users/emil/Documents/Programme/Projects/AmbiLight/AmbiLight/AmbiLight/main.c ****         }
 112:/Users/emil/Documents/Programme/Projects/AmbiLight/AmbiLight/AmbiLight/main.c **** 	}
 113:/Users/emil/Documents/Programme/Projects/AmbiLight/AmbiLight/AmbiLight/main.c **** 	return 0; // never reached
 114:/Users/emil/Documents/Programme/Projects/AmbiLight/AmbiLight/AmbiLight/main.c **** }
 115:/Users/emil/Documents/Programme/Projects/AmbiLight/AmbiLight/AmbiLight/main.c **** 
 116:/Users/emil/Documents/Programme/Projects/AmbiLight/AmbiLight/AmbiLight/main.c **** ISR(TIMER0_OVF_vect) {
 495               	.LM64:
 496               	.LFBB3:
 497 004a 1F92      		push r1
 498 004c 0F92      		push r0
 499 004e 0FB6      		in r0,__SREG__
 500 0050 0F92      		push r0
 501 0052 1124      		clr __zero_reg__
 502 0054 8F93      		push r24
 503 0056 9F93      		push r25
 504 0058 AF93      		push r26
 505 005a BF93      		push r27
 506               	/* prologue: Signal */
 507               	/* frame size = 0 */
 508               	/* stack size = 7 */
 509               	.L__stack_usage = 7
 117:/Users/emil/Documents/Programme/Projects/AmbiLight/AmbiLight/AmbiLight/main.c ****     //all 2ms
 118:/Users/emil/Documents/Programme/Projects/AmbiLight/AmbiLight/AmbiLight/main.c ****     if (switchPressed)
 511               	.LM65:
 512 005c 8091 0000 		lds r24,switchPressed
 513 0060 8823      		tst r24
 514 0062 01F0      		breq .L32
 119:/Users/emil/Documents/Programme/Projects/AmbiLight/AmbiLight/AmbiLight/main.c ****         time++;
 516               	.LM66:
 517 0064 8091 0000 		lds r24,time
 518 0068 9091 0000 		lds r25,time+1
 519 006c A091 0000 		lds r26,time+2
 520 0070 B091 0000 		lds r27,time+3
 521 0074 0196      		adiw r24,1
 522 0076 A11D      		adc r26,__zero_reg__
 523 0078 B11D      		adc r27,__zero_reg__
 524 007a 8093 0000 		sts time,r24
 525 007e 9093 0000 		sts time+1,r25
 526 0082 A093 0000 		sts time+2,r26
 527 0086 B093 0000 		sts time+3,r27
 528               	.L32:
 120:/Users/emil/Documents/Programme/Projects/AmbiLight/AmbiLight/AmbiLight/main.c ****     
 121:/Users/emil/Documents/Programme/Projects/AmbiLight/AmbiLight/AmbiLight/main.c ****     if (state == T1 || state == T2 || state == T3 || state == T4)
 530               	.LM67:
 531 008a 8091 0000 		lds r24,state
 532 008e 8250      		subi r24,lo8(-(-2))
 533 0090 8430      		cpi r24,lo8(4)
 534 0092 00F4      		brsh .L31
 122:/Users/emil/Documents/Programme/Projects/AmbiLight/AmbiLight/AmbiLight/main.c ****         time_off++;
 536               	.LM68:
 537 0094 8091 0000 		lds r24,time_off
 538 0098 9091 0000 		lds r25,time_off+1
 539 009c A091 0000 		lds r26,time_off+2
 540 00a0 B091 0000 		lds r27,time_off+3
 541 00a4 0196      		adiw r24,1
 542 00a6 A11D      		adc r26,__zero_reg__
 543 00a8 B11D      		adc r27,__zero_reg__
 544 00aa 8093 0000 		sts time_off,r24
 545 00ae 9093 0000 		sts time_off+1,r25
 546 00b2 A093 0000 		sts time_off+2,r26
 547 00b6 B093 0000 		sts time_off+3,r27
 548               	.L31:
 549               	/* epilogue start */
 123:/Users/emil/Documents/Programme/Projects/AmbiLight/AmbiLight/AmbiLight/main.c ****     
 124:/Users/emil/Documents/Programme/Projects/AmbiLight/AmbiLight/AmbiLight/main.c **** }
 551               	.LM69:
 552 00ba BF91      		pop r27
 553 00bc AF91      		pop r26
 554 00be 9F91      		pop r25
 555 00c0 8F91      		pop r24
 556 00c2 0F90      		pop r0
 557 00c4 0FBE      		out __SREG__,r0
 558 00c6 0F90      		pop r0
 559 00c8 1F90      		pop r1
 560 00ca 1895      		reti
 562               	.Lscope3:
 563               	.global	switchPressed
 564               		.section .bss
 567               	switchPressed:
 568 0000 00        		.zero	1
 569               		.comm	state,1,1
 570               	.global	time_off
 573               	time_off:
 574 0001 0000 0000 		.zero	4
 575               	.global	time
 578               	time:
 579 0005 0000 0000 		.zero	4
 584               		.text
 586               	.Letext0:
 587               		.ident	"GCC: (GNU) 4.8.1"
 588               	.global __do_clear_bss
DEFINED SYMBOLS
                            *ABS*:00000000 main.c
/var/folders/n0/nrv0hhms1cx0j69_hx06fj7r0000gn/T//cc2HtRgj.s:2      *ABS*:0000003e __SP_H__
/var/folders/n0/nrv0hhms1cx0j69_hx06fj7r0000gn/T//cc2HtRgj.s:3      *ABS*:0000003d __SP_L__
/var/folders/n0/nrv0hhms1cx0j69_hx06fj7r0000gn/T//cc2HtRgj.s:4      *ABS*:0000003f __SREG__
/var/folders/n0/nrv0hhms1cx0j69_hx06fj7r0000gn/T//cc2HtRgj.s:5      *ABS*:00000000 __tmp_reg__
/var/folders/n0/nrv0hhms1cx0j69_hx06fj7r0000gn/T//cc2HtRgj.s:6      *ABS*:00000001 __zero_reg__
/var/folders/n0/nrv0hhms1cx0j69_hx06fj7r0000gn/T//cc2HtRgj.s:113    .text:00000000 initIO
                            *COM*:00000001 state
/var/folders/n0/nrv0hhms1cx0j69_hx06fj7r0000gn/T//cc2HtRgj.s:192    .text.startup:00000000 main
/var/folders/n0/nrv0hhms1cx0j69_hx06fj7r0000gn/T//cc2HtRgj.s:567    .bss:00000000 switchPressed
/var/folders/n0/nrv0hhms1cx0j69_hx06fj7r0000gn/T//cc2HtRgj.s:578    .bss:00000005 time
/var/folders/n0/nrv0hhms1cx0j69_hx06fj7r0000gn/T//cc2HtRgj.s:573    .bss:00000001 time_off
/var/folders/n0/nrv0hhms1cx0j69_hx06fj7r0000gn/T//cc2HtRgj.s:493    .text:0000004a __vector_16

UNDEFINED SYMBOLS
__udivmodsi4
__do_clear_bss
